// Vitest Snapshot v1, https://vitest.dev/guide/snapshot.html

exports[`FilterPanel > renders the component 1`] = `
"<div data-v-b704e385="" class="filter-panel">
  <div data-v-b704e385="" class="filter-headers">
    <div data-v-b704e385="" class="filter-header">Test Filter <span data-v-b704e385="" class="arrow arrow-down"> â–¼ </span></div><button data-v-5f820906="" data-v-b704e385="" class="default-button">
      <div data-v-5f820906="" class="button-content">Clear Filters</div>
    </button>
  </div>
  <div data-v-b704e385="" class="filter-chips">
    <div data-v-be2c2fe7="" data-v-b704e385="" class="text-chip">Option 1</div>
    <div data-v-be2c2fe7="" data-v-b704e385="" class="text-chip">Option 2</div>
    <div data-v-be2c2fe7="" data-v-b704e385="" class="text-chip">Option 3</div>
  </div>
</div>"
`;
