// Vitest Snapshot v1, https://vitest.dev/guide/snapshot.html

exports[`SearchInput > renders the component 1`] = `"<input data-v-eb3440b3="" type="text" placeholder="Search shows" value="">"`;
