// Vitest Snapshot v1, https://vitest.dev/guide/snapshot.html

exports[`TextChip > renders the component 1`] = `"<div data-v-291dfa27="" class="text-chip">Test Text</div>"`;
